../Core/Src/ili9341.c:13:6:LCD_BL_ON	8	static
../Core/Src/ili9341.c:17:6:LCD_BL_OFF	8	static
../Core/Src/ili9341.c:57:6:lcdInit	16	static
../Core/Src/ili9341.c:216:6:lcdTest	24	static
../Core/Src/ili9341.c:250:6:lcdFillRGB	32	static
../Core/Src/ili9341.c:259:6:lcdDrawPixel	16	static
../Core/Src/ili9341.c:269:6:lcdDrawHLine	32	static
../Core/Src/ili9341.c:298:6:lcdDrawVLine	32	static
../Core/Src/ili9341.c:339:6:lcdDrawLine	48	static
../Core/Src/ili9341.c:402:6:lcdDrawRect	24	static
../Core/Src/ili9341.c:422:6:lcdDrawRoundRect	32	static
../Core/Src/ili9341.c:448:6:lcdDrawCircleHelper	40	static
../Core/Src/ili9341.c:500:6:lcdDrawCircle	40	static
../Core/Src/ili9341.c:548:6:lcdDrawTriangle	32	static
../Core/Src/ili9341.c:565:6:lcdFillCircle	32	static
../Core/Src/ili9341.c:583:6:lcdFillCircleHelper	40	static
../Core/Src/ili9341.c:627:6:lcdFillRect	32	static
../Core/Src/ili9341.c:662:6:LCD_DrawChar	40	static
../Core/Src/ili9341.c:682:6:LCD_Print	48	static
../Core/Src/ili9341.c:690:6:lcdFillRoundRect	32	static
../Core/Src/ili9341.c:713:6:lcdFillTriangle	72	static
../Core/Src/ili9341.c:796:6:lcdDrawImage	24	static
../Core/Src/ili9341.c:808:6:lcdHome	8	static
../Core/Src/ili9341.c:827:6:lcdDrawChar	32	static
../Core/Src/ili9341.c:874:6:lcdPrintf	32	static
../Core/Src/ili9341.c:926:6:lcdSetTextFont	16	static
../Core/Src/ili9341.c:939:6:lcdSetTextColor	16	static
../Core/Src/ili9341.c:952:6:lcdSetTextWrap	16	static
../Core/Src/ili9341.c:957:6:lcdSetOrientation	16	static
../Core/Src/ili9341.c:992:6:lcdSetCursor	16	static
../Core/Src/ili9341.c:1009:6:lcdSetWindow	24	static
../Core/Src/ili9341.c:1024:6:lcdBacklightOff	8	static
../Core/Src/ili9341.c:1029:6:lcdBacklightOn	8	static
../Core/Src/ili9341.c:1034:6:lcdInversionOff	8	static
../Core/Src/ili9341.c:1039:6:lcdInversionOn	8	static
../Core/Src/ili9341.c:1044:6:lcdDisplayOff	8	static
../Core/Src/ili9341.c:1050:6:lcdDisplayOn	8	static
../Core/Src/ili9341.c:1056:6:lcdTearingOff	8	static
../Core/Src/ili9341.c:1061:6:lcdTearingOn	16	static
../Core/Src/ili9341.c:1067:10:lcdGetWidth	4	static
../Core/Src/ili9341.c:1072:10:lcdGetHeight	4	static
../Core/Src/ili9341.c:1077:10:lcdGetControllerID	16	static
../Core/Src/ili9341.c:1088:23:lcdGetOrientation	4	static
../Core/Src/ili9341.c:1093:8:lcdGetTextFont	4	static
../Core/Src/ili9341.c:1100:22:lcdGetProperties	16	static
../Core/Src/ili9341.c:1120:10:lcdReadPixel	24	static
../Core/Src/ili9341.c:1144:10:lcdColor565	16	static
../Core/Src/ili9341.c:1151:13:lcdDrawPixels	32	static
../Core/Src/ili9341.c:1164:13:lcdReset	8	static
../Core/Src/ili9341.c:1171:13:lcdWriteCommand	16	static
../Core/Src/ili9341.c:1177:13:lcdWriteData	16	static
../Core/Src/ili9341.c:1182:23:lcdReadData	4	static
../Core/Src/ili9341.c:1187:22:lcdBuildMemoryAccessControlConfig	24	static
