../Core/Src/main.c:95:6:Print_ADC	72	static
../Core/Src/main.c:112:6:HAL_TIM_PWM_PulseFinishedCallback	16	static
../Core/Src/main.c:119:6:HAL_ADC_ConvHalfCpltCallback	48	static
../Core/Src/main.c:135:5:main	16	static
../Core/Src/main.c:228:6:SystemClock_Config	88	static
../Core/Src/main.c:274:13:MX_ADC1_Init	24	static
../Core/Src/main.c:326:13:MX_SPI2_Init	8	static
../Core/Src/main.c:364:13:MX_TIM2_Init	32	static
../Core/Src/main.c:409:13:MX_TIM3_Init	64	static
../Core/Src/main.c:468:13:MX_USART1_UART_Init	8	static
../Core/Src/main.c:499:13:MX_DMA_Init	16	static
../Core/Src/main.c:521:13:MX_GPIO_Init	56	static
../Core/Src/main.c:574:13:MX_FSMC_Init	40	static
../Core/Src/main.c:634:6:Error_Handler	4	static,ignoring_inline_asm
